ets Jul 29 2019 12:21:46

rst:0x1 (POWERON_RESET),boot:0x13 (SPI_FAST_FLASH_BOOT)
configsip: 0, SPIWP:0xee
clk_drv:0x00,q_drv:0x00,d_drv:0x00,cs0_drv:0x00,hd_drv:0x00,wp_drv:0x00
mode:DIO, clock div:2
load:0x3fff0030,len:7084
ho 0 tail 12 room 4
load:0x40078000,len:15576
ho 0 tail 12 room 4
load:0x40080400,len:4
load:0x40080404,len:3876
entry 0x4008064c
[0;32mI (33) boot: ESP-IDF v5.1-dirty 2nd stage bootloader[0m
[0;32mI (33) boot: compile time Jul 31 2023 23:59:43[0m
[0;32mI (33) boot: Multicore bootloader[0m
[0;32mI (38) boot: chip revision: v3.1[0m
[0;32mI (41) boot.esp32: SPI Speed      : 40MHz[0m
[0;32mI (46) boot.esp32: SPI Mode       : DIO[0m
[0;32mI (51) boot.esp32: SPI Flash Size : 2MB[0m
[0;32mI (55) boot: Enabling RNG early entropy source...[0m
[0;32mI (61) boot: Partition Table:[0m
[0;32mI (64) boot: ## Label            Usage          Type ST Offset   Length[0m
[0;32mI (71) boot:  0 nvs              WiFi data        01 02 00009000 00006000[0m
[0;32mI (79) boot:  1 phy_init         RF data          01 01 0000f000 00001000[0m
[0;32mI (86) boot:  2 factory          factory app      00 00 00010000 00177000[0m
[0;32mI (94) boot: End of partition table[0m
[0;32mI (98) esp_image: segment 0: paddr=00010020 vaddr=3f400020 size=4cb94h (314260) map[0m
[0;32mI (220) esp_image: segment 1: paddr=0005cbbc vaddr=3ffb0000 size=0345ch ( 13404) load[0m
[0;32mI (225) esp_image: segment 2: paddr=00060020 vaddr=400d0020 size=b8a8ch (756364) map[0m
[0;32mI (499) esp_image: segment 3: paddr=00118ab4 vaddr=3ffb345c size=003e4h (   996) load[0m
[0;32mI (499) esp_image: segment 4: paddr=00118ea0 vaddr=40080000 size=168b0h ( 92336) load[0m
[0;32mI (554) boot: Loaded app from partition at offset 0x10000[0m
[0;32mI (554) boot: Disabling RNG early entropy source...[0m
[0;32mI (566) cpu_start: Multicore app[0m
[0;32mI (566) cpu_start: Pro cpu up.[0m
[0;32mI (566) cpu_start: Starting app cpu, entry point is 0x40081474[0m
[0;32mI (0) cpu_start: App cpu up.[0m
[0;32mI (584) cpu_start: Pro cpu start user code[0m
[0;32mI (584) cpu_start: cpu freq: 160000000 Hz[0m
[0;32mI (584) cpu_start: Application information:[0m
[0;32mI (589) cpu_start: Project name:     server-test[0m
[0;32mI (594) cpu_start: App version:      a440d9b-dirty[0m
[0;32mI (600) cpu_start: Compile time:     Sep 23 2023 02:08:17[0m
[0;32mI (606) cpu_start: ELF file SHA256:  f64b76e428c708b1...[0m
[0;32mI (612) cpu_start: ESP-IDF:          v5.1-dirty[0m
[0;32mI (617) cpu_start: Min chip rev:     v0.0[0m
[0;32mI (622) cpu_start: Max chip rev:     v3.99 [0m
[0;32mI (626) cpu_start: Chip rev:         v3.1[0m
[0;32mI (631) heap_init: Initializing. RAM available for dynamic allocation:[0m
[0;32mI (639) heap_init: At 3FFAE6E0 len 00001920 (6 KiB): DRAM[0m
[0;32mI (644) heap_init: At 3FFB8E18 len 000271E8 (156 KiB): DRAM[0m
[0;32mI (651) heap_init: At 3FFE0440 len 00003AE0 (14 KiB): D/IRAM[0m
[0;32mI (657) heap_init: At 3FFE4350 len 0001BCB0 (111 KiB): D/IRAM[0m
[0;32mI (663) heap_init: At 400968B0 len 00009750 (37 KiB): IRAM[0m
[0;32mI (671) spi_flash: detected chip: gd[0m
[0;32mI (674) spi_flash: flash io: dio[0m
[0;33mW (678) spi_flash: Detected size(16384k) larger than the size in the binary image header(2048k). Using the size in the binary image header.[0m
[0;33mW (691) ADC: legacy driver is deprecated, please migrate to `esp_adc/adc_oneshot.h`[0m
[0;32mI (700) app_start: Starting scheduler on CPU0[0m
[0;32mI (704) app_start: Starting scheduler on CPU1[0m
[0;32mI (704) main_task: Started on CPU0[0m
[0;32mI (714) main_task: Calling app_main()[0m
I (2754) wifi:wifi driver task: 3ffc0d38, prio:23, stack:6656, core=0
I (2764) wifi:wifi firmware version: b2f1f86
I (2764) wifi:wifi certification version: v7.0
I (2764) wifi:config NVS flash: enabled
I (2764) wifi:config nano formating: disabled
I (2764) wifi:Init data frame dynamic rx buffer num: 32
I (2774) wifi:Init management frame dynamic rx buffer num: 32
I (2774) wifi:Init management short buffer num: 32
I (2784) wifi:Init dynamic tx buffer num: 32
I (2784) wifi:Init static rx buffer size: 1600
I (2784) wifi:Init static rx buffer num: 10
I (2794) wifi:Init dynamic rx buffer num: 32
[0;32mI (2794) wifi_init: rx ba win: 6[0m
[0;32mI (2804) wifi_init: tcpip mbox: 32[0m
[0;32mI (2804) wifi_init: udp mbox: 6[0m
[0;32mI (2804) wifi_init: tcp mbox: 6[0m
[0;32mI (2814) wifi_init: tcp tx win: 5744[0m
[0;32mI (2814) wifi_init: tcp rx win: 5744[0m
[0;32mI (2824) wifi_init: tcp mss: 1440[0m
[0;32mI (2824) wifi_init: WiFi IRAM OP enabled[0m
[0;32mI (2824) wifi_init: WiFi RX IRAM OP enabled[0m
[0;32mI (2844) phy_init: phy_version 4670,719f9f6,Feb 18 2021,17:07:07[0m
I (2934) wifi:mode : softAP (08:3a:8d:8e:d3:69)
I (2944) wifi:Total power save buffer number: 16
I (2944) wifi:Init max length of beacon: 752/752
I (2944) wifi:Init max length of beacon: 752/752
[0;32mI (2944) wifi softAP: wifi_init_softap finished. SSID:HIVE2 password:HIVE_PASS channel:6[0m
[0;32mI (2944) esp_netif_lwip: DHCP server started on interface WIFI_AP_DEF with IP: 192.168.4.1[0m
SSD1306 Initialized..
[0;32mI (3004) Meter: eFuse Two Point: NOT supported[0m
[0;32mI (3004) Meter: eFuse Vref: Supported[0m
[0;32mI (3004) Meter: Raw: 959	Voltage: 929mV[0m
[0;32mI (3004) TAG: BATT: 100.000000[0m
[0;32mI (3004) TAG: CURR: -12.500000[0m
[0;32mI (3014) Meter: eFuse Two Point: NOT supported[0m
[0;32mI (3014) Meter: eFuse Vref: Supported[0m
[0;32mI (3024) Meter: Raw: 958	Voltage: 929mV[0m
[0;32mI (3014) TAG: BATT: 100.000000[0m
[0;32mI (3024) TAG: CURR: -12.500000[0m
[0;32mI (3034) Meter: eFuse Two Point: NOT supported[0m
[0;32mI (3034) Meter: eFuse Vref: Supported[0m
[0;32mI (3044) Meter: Raw: 958	Voltage: 929mV[0m
[0;32mI (3034) TAG: BATT: 100.000000[0m
[0;32mI (3054) TAG: CURR: -12.500000[0m
[0;32mI (3054) Meter: eFuse Two Point: NOT supported[0m
[0;32mI (3054) Meter: eFuse Vref: Supported[0m
[0;32mI (3064) Meter: Raw: 958	Voltage: 929mV[0m
[0;32mI (3054) TAG: BATT: 100.000000[0m
[0;32mI (3074) TAG: CURR: -12.500000[0m
[0;32mI (3074) Meter: eFuse Two Point: NOT supported[0m
[0;32mI (3084) Meter: eFuse Vref: Supported[0m
[0;32mI (3084) Meter: Raw: 957	Voltage: 928mV[0m
[0;32mI (3074) TAG: BATT: 100.000000[0m
[0;32mI (3094) TAG: CURR: -12.500000[0m
[0;32mI (3094) Meter: eFuse Two Point: NOT supported[0m
[0;32mI (3104) Meter: eFuse Vref: Supported[0m
[0;32mI (3104) Meter: Raw: 958	Voltage: 929mV[0m
[0;32mI (3094) TAG: BATT: 100.000000[0m
[0;32mI (3114) TAG: CURR: -12.500000[0m
[0;32mI (3114) Meter: eFuse Two Point: NOT supported[0m
[0;32mI (3124) Meter: eFuse Vref: Supported[0m
[0;32mI (3124) Meter: Raw: 957	Voltage: 928mV[0m
[0;32mI (3114) TAG: BATT: 100.000000[0m
[0;32mI (3134) TAG: CURR: -12.500000[0m
[0;32mI (3134) Meter: eFuse Two Point: NOT supported[0m
[0;32mI (3144) Meter: eFuse Vref: Supported[0m
[0;32mI (3144) Meter: Raw: 958	Voltage: 929mV[0m
[0;32mI (3134) TAG: BATT: 100.000000[0m
[0;32mI (3154) TAG: CURR: -12.500000[0m
[0;32mI (3164) Meter: eFuse Two Point: NOT supported[0m
[0;32mI (3164) Meter: eFuse Vref: Supported[0m
[0;32mI (3174) Meter: Raw: 957	Voltage: 928mV[0m
[0;32mI (3164) TAG: BATT: 100.000000[0m
[0;32mI (3174) TAG: CURR: -12.500000[0m
[0;32mI (3184) Meter: eFuse Two Point: NOT supported[0m
[0;32mI (3184) Meter: eFuse Vref: Supported[0m
[0;32mI (3194) Meter: Raw: 957	Voltage: 928mV[0m
[0;32mI (3184) TAG: BATT: 100.000000[0m
[0;32mI (3204) TAG: CURR: -12.500000[0m
[0;32mI (3204) Meter: eFuse Two Point: NOT supported[0m
[0;32mI (3204) Meter: eFuse Vref: Supported[0m
[0;32mI (3214) Meter: Raw: 958	Voltage: 929mV[0m
[0;32mI (3204) TAG: BATT: 100.000000[0m
[0;32mI (3224) TAG: CURR: -12.500000[0m
[0;32mI (3224) Meter: eFuse Two Point: NOT supported[0m
[0;32mI (3234) Meter: eFuse Vref: Supported[0m
[0;32mI (3234) Meter: Raw: 957	Voltage: 928mV[0m
[0;32mI (3224) TAG: BATT: 100.000000[0m
[0;32mI (3244) TAG: CURR: -12.500000[0m
[0;32mI (3244) Meter: eFuse Two Point: NOT supported[0m
[0;32mI (3254) Meter: eFuse Vref: Supported[0m
[0;32mI (3254) Meter: Raw: 956	Voltage: 927mV[0m
[0;32mI (3244) TAG: BATT: 100.000000[0m
[0;32mI (3264) TAG: CURR: -12.500000[0m
[0;32mI (3264) Meter: eFuse Two Point: NOT supported[0m
[0;32mI (3274) Meter: eFuse Vref: Supported[0m
[0;32mI (3274) Meter: Raw: 957	Voltage: 928mV[0m
[0;32mI (3264) TAG: BATT: 100.000000[0m
[0;32mI (3284) TAG: CURR: -12.500000[0m
[0;32mI (3284) Meter: eFuse Two Point: NOT supported[0m
[0;32mI (3294) Meter: eFuse Vref: Supported[0m
[0;32mI (3294) Meter: Raw: 958	Voltage: 929mV[0m
[0;32mI (3284) TAG: BATT: 100.000000[0m
[0;32mI (3304) TAG: CURR: -12.500000[0m
[0;32mI (3314) Meter: eFuse Two Point: NOT supported[0m
[0;32mI (3314) Meter: eFuse Vref: Supported[0m
[0;32mI (3324) Meter: Raw: 958	Voltage: 929mV[0m
[0;32mI (3314) TAG: BATT: 100.000000[0m
[0;32mI (3324) TAG: CURR: -12.500000[0m
[0;32mI (3334) Meter: eFuse Two Point: NOT supported[0m
[0;32mI (3334) Meter: eFuse Vref: Supported[0m
[0;32mI (3344) Meter: Raw: 958	Voltage: 929mV[0m
[0;32mI (3334) TAG: BATT: 100.000000[0m
[0;32mI (3354) TAG: CURR: -12.500000[0m
[0;32mI (3354) Meter: eFuse Two Point: NOT supported[0m
[0;32mI (3354) Meter: eFuse Vref: Supported[0m
[0;32mI (3364) Meter: Raw: 958	Voltage: 929mV[0m
[0;32mI (3354) TAG: BATT: 100.000000[0m
[0;32mI (3374) TAG: CURR: -12.500000[0m
[0;32mI (3374) Meter: eFuse Two Point: NOT supported[0m
[0;32mI (3384) Meter: eFuse Vref: Supported[0m
[0;32mI (3384) Meter: Raw: 958	Voltage: 929mV[0m
[0;32mI (3374) TAG: BATT: 100.000000[0m
[0;32mI (3394) TAG: CURR: -12.500000[0m
[0;32mI (3394) Meter: eFuse Two Point: NOT supported[0m
[0;32mI (3404) Meter: eFuse Vref: Supported[0m
[0;32mI (3404) Meter: Raw: 958	Voltage: 929mV[0m
[0;32mI (3394) TAG: BATT: 100.000000[0m
[0;32mI (3414) TAG: CURR: -12.500000[0m
[0;32mI (3414) Meter: eFuse Two Point: NOT supported[0m
[0;32mI (3424) Meter: eFuse Vref: Supported[0m
[0;32mI (3424) Meter: Raw: 958	Voltage: 929mV[0m
[0;32mI (3414) TAG: BATT: 100.000000[0m
[0;32mI (3434) TAG: CURR: -12.500000[0m
[0;32mI (3434) Meter: eFuse Two Point: NOT supported[0m
[0;32mI (3444) Meter: eFuse Vref: Supported[0m
[0;32mI (3444) Meter: Raw: 958	Voltage: 929mV[0m
[0;32mI (3434) TAG: BATT: 100.000000[0m
[0;32mI (3454) TAG: CURR: -12.500000[0m
[0;32mI (3464) Meter: eFuse Two Point: NOT supported[0m
[0;32mI (3464) Meter: eFuse Vref: Supported[0m
[0;32mI (3474) Meter: Raw: 958	Voltage: 929mV[0m
[0;32mI (3464) TAG: BATT: 100.000000[0m
[0;32mI (3474) TAG: CURR: -12.500000[0m
[0;32mI (3484) Meter: eFuse Two Point: NOT supported[0m
[0;32mI (3484) Meter: eFuse Vref: Supported[0m
[0;32mI (3494) Meter: Raw: 957	Voltage: 928mV[0m
[0;32mI (3484) TAG: BATT: 100.000000[0m
[0;32mI (3504) TAG: CURR: -12.500000[0m
[0;32mI (3504) Meter: eFuse Two Point: NOT supported[0m
[0;32mI (3504) Meter: eFuse Vref: Supported[0m
[0;32mI (3514) Meter: Raw: 959	Voltage: 929mV[0m
[0;32mI (3504) TAG: BATT: 100.000000[0m
