ets Jul 29 2019 12:21:46

rst:0x1 (POWERON_RESET),boot:0x13 (SPI_FAST_FLASH_BOOT)
configsip: 0, SPIWP:0xee
clk_drv:0x00,q_drv:0x00,d_drv:0x00,cs0_drv:0x00,hd_drv:0x00,wp_drv:0x00
mode:DIO, clock div:2
load:0x3fff0030,len:7084
ho 0 tail 12 room 4
load:0x40078000,len:15576
ho 0 tail 12 room 4
load:0x40080400,len:4
load:0x40080404,len:3876
entry 0x4008064c
[0;32mI (33) boot: ESP-IDF v5.1-dirty 2nd stage bootloader[0m
[0;32mI (33) boot: compile time Jul 31 2023 23:59:43[0m
[0;32mI (33) boot: Multicore bootloader[0m
[0;32mI (38) boot: chip revision: v3.1[0m
[0;32mI (41) boot.esp32: SPI Speed      : 40MHz[0m
[0;32mI (46) boot.esp32: SPI Mode       : DIO[0m
[0;32mI (51) boot.esp32: SPI Flash Size : 2MB[0m
[0;32mI (55) boot: Enabling RNG early entropy source...[0m
[0;32mI (61) boot: Partition Table:[0m
[0;32mI (64) boot: ## Label            Usage          Type ST Offset   Length[0m
[0;32mI (71) boot:  0 nvs              WiFi data        01 02 00009000 00006000[0m
[0;32mI (79) boot:  1 phy_init         RF data          01 01 0000f000 00001000[0m
[0;32mI (86) boot:  2 factory          factory app      00 00 00010000 00177000[0m
[0;32mI (94) boot: End of partition table[0m
[0;32mI (98) esp_image: segment 0: paddr=00010020 vaddr=3f400020 size=4c498h (312472) map[0m
[0;32mI (219) esp_image: segment 1: paddr=0005c4c0 vaddr=3ffb0000 size=03840h ( 14400) load[0m
[0;32mI (225) esp_image: segment 2: paddr=0005fd08 vaddr=40080000 size=00310h (   784) load[0m
[0;32mI (226) esp_image: segment 3: paddr=00060020 vaddr=400d0020 size=b7e10h (753168) map[0m
[0;32mI (505) esp_image: segment 4: paddr=00117e38 vaddr=40080310 size=165a0h ( 91552) load[0m
[0;32mI (555) boot: Loaded app from partition at offset 0x10000[0m
[0;32mI (555) boot: Disabling RNG early entropy source...[0m
[0;32mI (567) cpu_start: Multicore app[0m
[0;32mI (567) cpu_start: Pro cpu up.[0m
[0;32mI (567) cpu_start: Starting app cpu, entry point is 0x40081474[0m
[0;32mI (0) cpu_start: App cpu up.[0m
[0;32mI (585) cpu_start: Pro cpu start user code[0m
[0;32mI (585) cpu_start: cpu freq: 160000000 Hz[0m
[0;32mI (585) cpu_start: Application information:[0m
[0;32mI (590) cpu_start: Project name:     server-test[0m
[0;32mI (595) cpu_start: App version:      e5523e6-dirty[0m
[0;32mI (600) cpu_start: Compile time:     Sep 19 2023 00:24:37[0m
[0;32mI (606) cpu_start: ELF file SHA256:  5a5a6ce36e92715e...[0m
[0;32mI (612) cpu_start: ESP-IDF:          v5.1-dirty[0m
[0;32mI (618) cpu_start: Min chip rev:     v0.0[0m
[0;32mI (622) cpu_start: Max chip rev:     v3.99 [0m
[0;32mI (627) cpu_start: Chip rev:         v3.1[0m
[0;32mI (632) heap_init: Initializing. RAM available for dynamic allocation:[0m
[0;32mI (639) heap_init: At 3FFAE6E0 len 00001920 (6 KiB): DRAM[0m
[0;32mI (645) heap_init: At 3FFB8E08 len 000271F8 (156 KiB): DRAM[0m
[0;32mI (651) heap_init: At 3FFE0440 len 00003AE0 (14 KiB): D/IRAM[0m
[0;32mI (658) heap_init: At 3FFE4350 len 0001BCB0 (111 KiB): D/IRAM[0m
[0;32mI (664) heap_init: At 400968B0 len 00009750 (37 KiB): IRAM[0m
[0;32mI (672) spi_flash: detected chip: gd[0m
[0;32mI (675) spi_flash: flash io: dio[0m
[0;33mW (678) spi_flash: Detected size(16384k) larger than the size in the binary image header(2048k). Using the size in the binary image header.[0m
[0;32mI (693) app_start: Starting scheduler on CPU0[0m
[0;32mI (697) app_start: Starting scheduler on CPU1[0m
[0;32mI (697) main_task: Started on CPU0[0m
[0;32mI (707) main_task: Calling app_main()[0m
I (2747) wifi:wifi driver task: 3ffc0d28, prio:23, stack:6656, core=0
I (2757) wifi:wifi firmware version: b2f1f86
I (2757) wifi:wifi certification version: v7.0
I (2757) wifi:config NVS flash: enabled
I (2757) wifi:config nano formating: disabled
I (2757) wifi:Init data frame dynamic rx buffer num: 32
I (2767) wifi:Init management frame dynamic rx buffer num: 32
I (2767) wifi:Init management short buffer num: 32
I (2777) wifi:Init dynamic tx buffer num: 32
I (2777) wifi:Init static rx buffer size: 1600
I (2777) wifi:Init static rx buffer num: 10
I (2787) wifi:Init dynamic rx buffer num: 32
[0;32mI (2787) wifi_init: rx ba win: 6[0m
[0;32mI (2797) wifi_init: tcpip mbox: 32[0m
[0;32mI (2797) wifi_init: udp mbox: 6[0m
[0;32mI (2797) wifi_init: tcp mbox: 6[0m
[0;32mI (2807) wifi_init: tcp tx win: 5744[0m
[0;32mI (2807) wifi_init: tcp rx win: 5744[0m
[0;32mI (2817) wifi_init: tcp mss: 1440[0m
[0;32mI (2817) wifi_init: WiFi IRAM OP enabled[0m
[0;32mI (2827) wifi_init: WiFi RX IRAM OP enabled[0m
[0;32mI (2837) phy_init: phy_version 4670,719f9f6,Feb 18 2021,17:07:07[0m
I (2927) wifi:mode : softAP (08:3a:8d:8e:d3:69)
I (2937) wifi:Total power save buffer number: 16
I (2937) wifi:Init max length of beacon: 752/752
I (2937) wifi:Init max length of beacon: 752/752
[0;32mI (2937) wifi softAP: wifi_init_softap finished. SSID:HIVE2 password:HIVE_PASS channel:6[0m
[0;32mI (2937) esp_netif_lwip: DHCP server started on interface WIFI_AP_DEF with IP: 192.168.4.1[0m
SSD1306 Initialized..
[0;31mE (2997) gpio: GPIO_PIN mask error [0m
[0;31mE (2997) gpio: gpio_set_level(236): GPIO output gpio_num error[0m
[0;31mE (4997) gpio: gpio_set_level(236): GPIO output gpio_num error[0m
[0;31mE (6997) gpio: gpio_set_level(236): GPIO output gpio_num error[0m
[0;31mE (8997) gpio: gpio_set_level(236): GPIO output gpio_num error[0m
[0;31mE (10997) gpio: gpio_set_level(236): GPIO output gpio_num error[0m
