ets Jul 29 2019 12:21:46

rst:0x1 (POWERON_RESET),boot:0x13 (SPI_FAST_FLASH_BOOT)
configsip: 0, SPIWP:0xee
clk_drv:0x00,q_drv:0x00,d_drv:0x00,cs0_drv:0x00,hd_drv:0x00,wp_drv:0x00
mode:DIO, clock div:2
load:0x3fff0030,len:7084
ho 0 tail 12 room 4
load:0x40078000,len:15576
ho 0 tail 12 room 4
load:0x40080400,len:4
load:0x40080404,len:3876
entry 0x4008064c
[0;32mI (33) boot: ESP-IDF v5.1-dirty 2nd stage bootloader[0m
[0;32mI (33) boot: compile time Jul 31 2023 23:59:43[0m
[0;32mI (33) boot: Multicore bootloader[0m
[0;32mI (38) boot: chip revision: v3.1[0m
[0;32mI (41) boot.esp32: SPI Speed      : 40MHz[0m
[0;32mI (46) boot.esp32: SPI Mode       : DIO[0m
[0;32mI (51) boot.esp32: SPI Flash Size : 2MB[0m
[0;32mI (55) boot: Enabling RNG early entropy source...[0m
[0;32mI (61) boot: Partition Table:[0m
[0;32mI (64) boot: ## Label            Usage          Type ST Offset   Length[0m
[0;32mI (71) boot:  0 nvs              WiFi data        01 02 00009000 00006000[0m
[0;32mI (79) boot:  1 phy_init         RF data          01 01 0000f000 00001000[0m
[0;32mI (86) boot:  2 factory          factory app      00 00 00010000 00177000[0m
[0;32mI (94) boot: End of partition table[0m
[0;32mI (98) esp_image: segment 0: paddr=00010020 vaddr=3f400020 size=4cac8h (314056) map[0m
[0;32mI (220) esp_image: segment 1: paddr=0005caf0 vaddr=3ffb0000 size=03528h ( 13608) load[0m
[0;32mI (225) esp_image: segment 2: paddr=00060020 vaddr=400d0020 size=ba364h (762724) map[0m
[0;32mI (501) esp_image: segment 3: paddr=0011a38c vaddr=3ffb3528 size=00318h (   792) load[0m
[0;32mI (502) esp_image: segment 4: paddr=0011a6ac vaddr=40080000 size=16930h ( 92464) load[0m
[0;32mI (557) boot: Loaded app from partition at offset 0x10000[0m
[0;32mI (557) boot: Disabling RNG early entropy source...[0m
[0;32mI (568) cpu_start: Multicore app[0m
[0;32mI (569) cpu_start: Pro cpu up.[0m
[0;32mI (569) cpu_start: Starting app cpu, entry point is 0x40081480[0m
[0;32mI (0) cpu_start: App cpu up.[0m
[0;32mI (586) cpu_start: Pro cpu start user code[0m
[0;32mI (586) cpu_start: cpu freq: 160000000 Hz[0m
[0;32mI (586) cpu_start: Application information:[0m
[0;32mI (591) cpu_start: Project name:     server-test[0m
[0;32mI (596) cpu_start: App version:      a440d9b-dirty[0m
[0;32mI (602) cpu_start: Compile time:     Sep 23 2023 02:08:17[0m
[0;32mI (608) cpu_start: ELF file SHA256:  0fd3e52971eade9f...[0m
[0;32mI (614) cpu_start: ESP-IDF:          v5.1-dirty[0m
[0;32mI (619) cpu_start: Min chip rev:     v0.0[0m
[0;32mI (624) cpu_start: Max chip rev:     v3.99 [0m
[0;32mI (629) cpu_start: Chip rev:         v3.1[0m
[0;32mI (634) heap_init: Initializing. RAM available for dynamic allocation:[0m
[0;32mI (641) heap_init: At 3FFAE6E0 len 00001920 (6 KiB): DRAM[0m
[0;32mI (647) heap_init: At 3FFB8EE8 len 00027118 (156 KiB): DRAM[0m
[0;32mI (653) heap_init: At 3FFE0440 len 00003AE0 (14 KiB): D/IRAM[0m
[0;32mI (659) heap_init: At 3FFE4350 len 0001BCB0 (111 KiB): D/IRAM[0m
[0;32mI (666) heap_init: At 40096930 len 000096D0 (37 KiB): IRAM[0m
[0;32mI (673) spi_flash: detected chip: gd[0m
[0;32mI (676) spi_flash: flash io: dio[0m
[0;33mW (680) spi_flash: Detected size(16384k) larger than the size in the binary image header(2048k). Using the size in the binary image header.[0m
[0;32mI (694) app_start: Starting scheduler on CPU0[0m
[0;32mI (698) app_start: Starting scheduler on CPU1[0m
[0;32mI (698) main_task: Started on CPU0[0m
[0;32mI (708) main_task: Calling app_main()[0m
I (2748) wifi:wifi driver task: 3ffc0e08, prio:23, stack:6656, core=0
I (2758) wifi:wifi firmware version: b2f1f86
I (2758) wifi:wifi certification version: v7.0
I (2758) wifi:config NVS flash: enabled
I (2758) wifi:config nano formating: disabled
I (2758) wifi:Init data frame dynamic rx buffer num: 32
I (2768) wifi:Init management frame dynamic rx buffer num: 32
I (2768) wifi:Init management short buffer num: 32
I (2778) wifi:Init dynamic tx buffer num: 32
I (2778) wifi:Init static rx buffer size: 1600
I (2778) wifi:Init static rx buffer num: 10
I (2788) wifi:Init dynamic rx buffer num: 32
[0;32mI (2788) wifi_init: rx ba win: 6[0m
[0;32mI (2798) wifi_init: tcpip mbox: 32[0m
[0;32mI (2798) wifi_init: udp mbox: 6[0m
[0;32mI (2798) wifi_init: tcp mbox: 6[0m
[0;32mI (2808) wifi_init: tcp tx win: 5744[0m
[0;32mI (2808) wifi_init: tcp rx win: 5744[0m
[0;32mI (2818) wifi_init: tcp mss: 1440[0m
[0;32mI (2818) wifi_init: WiFi IRAM OP enabled[0m
[0;32mI (2818) wifi_init: WiFi RX IRAM OP enabled[0m
[0;32mI (2838) phy_init: phy_version 4670,719f9f6,Feb 18 2021,17:07:07[0m
I (2928) wifi:mode : softAP (08:3a:8d:8e:d3:69)
I (2938) wifi:Total power save buffer number: 16
I (2938) wifi:Init max length of beacon: 752/752
I (2938) wifi:Init max length of beacon: 752/752
[0;32mI (2938) wifi softAP: wifi_init_softap finished. SSID:HIVE2 password:HIVE_PASS channel:6[0m
[0;32mI (2938) esp_netif_lwip: DHCP server started on interface WIFI_AP_DEF with IP: 192.168.4.1[0m
SSD1306 Initialized..
[0;31mE (2998) uart: uart_set_pin(612): tx_io_num error[0m
ESP_ERROR_CHECK failed: esp_err_t 0xffffffff (ESP_FAIL) at 0x400d816d
file: "../components/HALX/atgm336H.cpp" line 38
func: static void ATGM336H::init_ATGM_module()
expression: uart_set_pin(GPS_UART_NUM, GPIO_NUM_TX, GPIO_NUM_RX, ECHO_TEST_RTS, ECHO_TEST_CTS)

abort() was called at PC 0x40089ecb on core 0


Backtrace: 0x40081ad6:0x3ffbb080 0x40089ed5:0x3ffbb0a0 0x40090f8e:0x3ffbb0c0 0x40089ecb:0x3ffbb130 0x400d816d:0x3ffbb160 0x400d6bee:0x3ffbb1a0 0x4018852b:0x3ffbb1e0 0x4008c8e9:0x3ffbb210




ELF file SHA256: 0fd3e52971eade9f

Rebooting...
ets Jul 29 2019 12:21:46

rst:0xc (SW_CPU_RESET),boot:0x13 (SPI_FAST_FLASH_BOOT)
configsip: 0, SPIWP:0xee
clk_drv:0x00,q_drv:0x00,d_drv:0x00,cs0_drv:0x00,hd_drv:0x00,wp_drv:0x00
mode:DIO, clock div:2
load:0x3fff0030,len:7084
ho 0 tail 12 room 4
load:0x40078000,len:15576
ho 0 tail 12 room 4
load:0x40080400,len:4
load:0x40080404,len:3876
entry 0x4008064c
[0;32mI (32) boot: ESP-IDF v5.1-dirty 2nd stage bootloader[0m
[0;32mI (33) boot: compile time Jul 31 2023 23:59:43[0m
[0;32mI (33) boot: Multicore bootloader[0m
[0;32mI (37) boot: chip revision: v3.1[0m
[0;32mI (41) boot.esp32: SPI Speed      : 40MHz[0m
[0;32mI (46) boot.esp32: SPI Mode       : DIO[0m
[0;32mI (50) boot.esp32: SPI Flash Size : 2MB[0m
[0;32mI (55) boot: Enabling RNG early entropy source...[0m
[0;32mI (60) boot: Partition Table:[0m
[0;32mI (64) boot: ## Label            Usage          Type ST Offset   Length[0m
[0;32mI (71) boot:  0 nvs              WiFi data        01 02 00009000 00006000[0m
[0;32mI (79) boot:  1 phy_init         RF data          01 01 0000f000 00001000[0m
[0;32mI (86) boot:  2 factory          factory app      00 00 00010000 00177000[0m
[0;32mI (94) boot: End of partition table[0m
[0;32mI (98) esp_image: segment 0: paddr=00010020 vaddr=3f400020 size=4cac8h (314056) map[0m
[0;32mI (220) esp_image: segment 1: paddr=0005caf0 vaddr=3ffb0000 size=03528h ( 13608) load[0m
[0;32mI (225) esp_image: segment 2: paddr=00060020 vaddr=400d0020 size=ba364h (762724) map[0m
[0;32mI (501) esp_image: segment 3: paddr=0011a38c vaddr=3ffb3528 size=00318h (   792) load[0m
[0;32mI (502) esp_image: segment 4: paddr=0011a6ac vaddr=40080000 size=16930h ( 92464) load[0m
[0;32mI (556) boot: Loaded app from partition at offset 0x10000[0m
[0;32mI (557) boot: Disabling RNG early entropy source...[0m
[0;32mI (568) cpu_start: Multicore app[0m
[0;32mI (568) cpu_start: Pro cpu up.[0m
[0;32mI (569) cpu_start: Starting app cpu, entry point is 0x40081480[0m
[0;32mI (555) cpu_start: App cpu up.[0m
[0;32mI (586) cpu_start: Pro cpu start user code[0m
[0;32mI (587) cpu_start: cpu freq: 160000000 Hz[0m
[0;32mI (587) cpu_start: Application information:[0m
[0;32mI (591) cpu_start: Project name:     server-test[0m
[0;32mI (597) cpu_start: App version:      a440d9b-dirty[0m
[0;32mI (602) cpu_start: Compile time:     Sep 23 2023 02:08:17[0m
[0;32mI (608) cpu_start: ELF file SHA256:  0fd3e52971eade9f...[0m
[0;32mI (614) cpu_start: ESP-IDF:          v5.1-dirty[0m
[0;32mI (619) cpu_start: Min chip rev:     v0.0[0m
[0;32mI (624) cpu_start: Max chip rev:     v3.99 [0m
[0;32mI (629) cpu_start: Chip rev:         v3.1[0m
[0;32mI (634) heap_init: Initializing. RAM available for dynamic allocation:[0m
[0;32mI (641) heap_init: At 3FFAE6E0 len 00001920 (6 KiB): DRAM[0m
[0;32mI (647) heap_init: At 3FFB8EE8 len 00027118 (156 KiB): DRAM[0m
[0;32mI (653) heap_init: At 3FFE0440 len 00003AE0 (14 KiB): D/IRAM[0m
[0;32mI (659) heap_init: At 3FFE4350 len 0001BCB0 (111 KiB): D/IRAM[0m
[0;32mI (666) heap_init: At 40096930 len 000096D0 (37 KiB): IRAM[0m
[0;32mI (674) spi_flash: detected chip: gd[0m
[0;32mI (676) spi_flash: flash io: dio[0m
[0;33mW (680) spi_flash: Detected size(16384k) larger than the size in the binary image header(2048k). Using the size in the binary image header.[0m
[0;32mI (694) app_start: Starting scheduler on CPU0[0m
[0;32mI (699) app_start: Starting scheduler on CPU1[0m
[0;32mI (699) main_task: Started on CPU0[0m
[0;32mI (709) main_task: Calling app_main()[0m
I (2749) wifi:wifi driver task: 3ffc0e08, prio:23, stack:6656, core=0
I (2759) wifi:wifi firmware version: b2f1f86
I (2759) wifi:wifi certification version: v7.0
I (2759) wifi:config NVS flash: enabled
I (2759) wifi:config nano formating: disabled
I (2759) wifi:Init data frame dynamic rx buffer num: 32
I (2769) wifi:Init management frame dynamic rx buffer num: 32
I (2769) wifi:Init management short buffer num: 32
I (2779) wifi:Init dynamic tx buffer num: 32
I (2779) wifi:Init static rx buffer size: 1600
I (2779) wifi:Init static rx buffer num: 10
I (2789) wifi:Init dynamic rx buffer num: 32
[0;32mI (2789) wifi_init: rx ba win: 6[0m
[0;32mI (2799) wifi_init: tcpip mbox: 32[0m
[0;32mI (2799) wifi_init: udp mbox: 6[0m
[0;32mI (2799) wifi_init: tcp mbox: 6[0m
[0;32mI (2809) wifi_init: tcp tx win: 5744[0m
[0;32mI (2809) wifi_init: tcp rx win: 5744[0m
[0;32mI (2819) wifi_init: tcp mss: 1440[0m
[0;32mI (2819) wifi_init: WiFi IRAM OP enabled[0m
[0;32mI (2819) wifi_init: WiFi RX IRAM OP enabled[0m
[0;32mI (2839) phy_init: phy_version 4670,719f9f6,Feb 18 2021,17:07:07[0m
I (2929) wifi:mode : softAP (08:3a:8d:8e:d3:69)
I (2939) wifi:Total power save buffer number: 16
I (2939) wifi:Init max length of beacon: 752/752
I (2939) wifi:Init max length of beacon: 752/752
[0;32mI (2939) wifi softAP: wifi_init_softap finished. SSID:HIVE2 password:HIVE_PASS channel:6[0m
[0;32mI (2939) esp_netif_lwip: DHCP server started on interface WIFI_AP_DEF with IP: 192.168.4.1[0m
SSD1306 Initialized..
[0;31mE (2999) uart: uart_set_pin(612): tx_io_num error[0m
ESP_ERROR_CHECK failed: esp_err_t 0xffffffff (ESP_FAIL) at 0x400d816d
file: "../components/HALX/atgm336H.cpp" line 38
func: static void ATGM336H::init_ATGM_module()
expression: uart_set_pin(GPS_UART_NUM, GPIO_NUM_TX, GPIO_NUM_RX, ECHO_TEST_RTS, ECHO_TEST_CTS)

abort() was called at PC 0x40089ecb on core 0


Backtrace: 0x40081ad6:0x3ffbb080 0x40089ed5:0x3ffbb0a0 0x40090f8e:0x3ffbb0c0 0x40089ecb:0x3ffbb130 0x400d816d:0x3ffbb160 0x400d6bee:0x3ffbb1a0 0x4018852b:0x3ffbb1e0 0x4008c8e9:0x3ffbb210




ELF file SHA256: 0fd3e52971eade9f

Rebooting...
ets Jul 29 2019 12:21:46

rst:0xc (SW_CPU_RESET),boot:0x13 (SPI_FAST_FLASH_BOOT)
configsip: 0, SPIWP:0xee
clk_drv:0x00,q_drv:0x00,d_drv:0x00,cs0_drv:0x00,hd_drv:0x00,wp_drv:0x00
mode:DIO, clock div:2
load:0x3fff0030,len:7084
ho 0 tail 12 room 4
load:0x40078000,len:15576
ho 0 tail 12 room 4
load:0x40080400,len:4
load:0x40080404,len:3876
entry 0x4008064c
[0;32mI (32) boot: ESP-IDF v5.1-dirty 2nd stage bootloader[0m
[0;32mI (33) boot: compile time Jul 31 2023 23:59:43[0m
[0;32mI (33) boot: Multicore bootloader[0m
[0;32mI (37) boot: chip revision: v3.1[0m
[0;32mI (41) boot.esp32: SPI Speed      : 40MHz[0m
[0;32mI (46) boot.esp32: SPI Mode       : DIO[0m
[0;32mI (50) boot.esp32: SPI Flash Size : 2MB[0m
[0;32mI (55) boot: Enabling RNG early entropy source...[0m
[0;32mI (60) boot: Partition Table:[0m
[0;32mI (64) boot: ## Label            Usage          Type ST Offset   Length[0m
[0;32mI (71) boot:  0 nvs              WiFi data        01 02 00009000 00006000[0m
[0;32mI (79) boot:  1 phy_init         RF data          01 01 0000f000 00001000[0m
[0;32mI (86) boot:  2 factory          factory app      00 00 00010000 00177000[0m
[0;32mI (94) boot: End of partition table[0m
[0;32mI (98) esp_image: segment 0: paddr=00010020 vaddr=3f400020 size=4cac8h (314056) map[0m
[0;32mI (220) esp_image: segment 1: paddr=0005caf0 vaddr=3ffb0000 size=03528h ( 13608) load[0m
[0;32mI (225) esp_image: segment 2: paddr=00060020 vaddr=400d0020 size=ba364h (762724) map[0m
[0;32mI (501) esp_image: segment 3: paddr=0011a38c vaddr=3ffb3528 size=00318h (   792) load[0m
[0;32mI (502) esp_image: segment 4: paddr=0011a6ac vaddr=40080000 size=16930h ( 92464) load[0m
[0;32mI (556) boot: Loaded app from partition at offset 0x10000[0m
[0;32mI (557) boot: Disabling RNG early entropy source...[0m
[0;32mI (568) cpu_start: Multicore app[0m
[0;32mI (568) cpu_start: Pro cpu up.[0m
[0;32mI (569) cpu_start: Starting app cpu, entry point is 0x40081480[0m
[0;32mI (555) cpu_start: App cpu up.[0m
[0;32mI (586) cpu_start: Pro cpu start user code[0m
[0;32mI (587) cpu_start: cpu freq: 160000000 Hz[0m
[0;32mI (587) cpu_start: Application information:[0m
[0;32mI (591) cpu_start: Project name:     server-test[0m
[0;32mI (597) cpu_start: App version:      a440d9b-dirty[0m
[0;32mI (602) cpu_start: Compile time:     Sep 23 2023 02:08:17[0m
[0;32mI (608) cpu_start: ELF file SHA256:  0fd3e52971eade9f...[0m
[0;32mI (614) cpu_start: ESP-IDF:          v5.1-dirty[0m
[0;32mI (619) cpu_start: Min chip rev:     v0.0[0m
[0;32mI (624) cpu_start: Max chip rev:     v3.99 [0m
[0;32mI (629) cpu_start: Chip rev:         v3.1[0m
[0;32mI (634) heap_init: Initializing. RAM available for dynamic allocation:[0m
[0;32mI (641) heap_init: At 3FFAE6E0 len 00001920 (6 KiB): DRAM[0m
[0;32mI (647) heap_init: At 3FFB8EE8 len 00027118 (156 KiB): DRAM[0m
[0;32mI (653) heap_init: At 3FFE0440 len 00003AE0 (14 KiB): D/IRAM[0m
[0;32mI (659) heap_init: At 3FFE4350 len 0001BCB0 (111 KiB): D/IRAM[0m
[0;32mI (666) heap_init: At 40096930 len 000096D0 (37 KiB): IRAM[0m
[0;32mI (674) spi_flash: detected chip: gd[0m
[0;32mI (676) spi_flash: flash io: dio[0m
[0;33mW (680) spi_flash: Detected size(16384k) larger than the size in the binary image header(2048k). Using the size in the binary image header.[0m
[0;32mI (694) app_start: Starting scheduler on CPU0[0m
[0;32mI (699) app_start: Starting scheduler on CPU1[0m
[0;32mI (699) main_task: Started on CPU0[0m
[0;32mI (709) main_task: Calling app_main()[0m
